INFO:root:File being moved to Error folder Copyexpedia_report_monthly_march_2018.xlsx
INFO:root:File moved successfully into Error_Files folder
INFO:root:File loaded successfully
INFO:root:File loaded successfully
INFO:root:File loaded successfully
INFO:root:File loaded successfully
INFO:root:Date asked for April
INFO:root:Date of Data extracted correctly
INFO:root:No row found matching the date/field information
INFO:root:Fields not found, file moved to error_files folder
INFO:root:File being moved to Error folder expedia_report_monthly_april_2018.xlsx
INFO:root:File moved successfully into Error_Files folder
INFO:root:Date asked for January
INFO:root:Date of Data extracted correctly
INFO:root:Data for January: 
 {'Calls Offered': 16915, 'Abandon after 30s': '2.32%', 'FCR': '86.50%', 'DSAT': '14.20%', 'CSAT': '78.30%'}
INFO:root:Date of Data extracted correctly
INFO:root:In Net Promoters Score: 
	Promoters: good 
	Passives: bad 
	Dectractors: bad
INFO:root:File year was inputed incorrectly
INFO:root:Date asked for March
INFO:root:Date of Data extracted correctly
INFO:root:Data for March: 
 {'Calls Offered': 22343, 'Abandon after 30s': '3.05%', 'FCR': '86.00%', 'DSAT': '18.00%', 'CSAT': '74.40%'}
INFO:root:Date of Data extracted correctly
INFO:root:No Column found matching the date/field information
INFO:root:In Net Promoters Score: 
	Promoters: good 
	Passives: bad 
	Dectractors: bad
INFO:root:File being moved to Error folder Copyexpedia_report_monthly_march_2018.xlsx
INFO:root:File moved successfully into Error_Files folder
INFO:root:File loaded successfully
INFO:root:File loaded successfully
INFO:root:File loaded successfully
INFO:root:Date asked for April
INFO:root:Date of Data extracted correctly
INFO:root:No row found matching the date/field information
INFO:root:Fields not found, file moved to error_files folder
INFO:root:File being moved to Error folder expedia_report_monthly_april_2018.xlsx
INFO:root:File moved successfully into Error_Files folder
INFO:root:Date asked for January
INFO:root:Date of Data extracted correctly
INFO:root:Data for January: 
 {'Calls Offered': 16915, 'Abandon after 30s': '2.32%', 'FCR': '86.50%', 'DSAT': '14.20%', 'CSAT': '78.30%'}
INFO:root:Date of Data extracted correctly
INFO:root:In Net Promoters Score: 
	Promoters: good 
	Passives: bad 
	Dectractors: bad
INFO:root:Date asked for March
INFO:root:Date of Data extracted correctly
INFO:root:Data for March: 
 {'Calls Offered': 22343, 'Abandon after 30s': '3.05%', 'FCR': '86.00%', 'DSAT': '18.00%', 'CSAT': '74.40%'}
INFO:root:Date of Data extracted correctly
INFO:root:No Column found matching the date/field information
INFO:root:In Net Promoters Score: 
	Promoters: good 
	Passives: bad 
	Dectractors: bad
INFO:root:File being moved to Error folder Copyexpedia_report_monthly_march_2018.xlsx
INFO:root:File moved successfully into Error_Files folder
INFO:root:File loaded successfully
INFO:root:File loaded successfully
INFO:root:File loaded successfully
INFO:root:Date asked for April
INFO:root:Date of Data extracted correctly
INFO:root:No row found matching the date/field information
INFO:root:Fields not found, file moved to error_files folder
INFO:root:File being moved to Error folder expedia_report_monthly_april_2018.xlsx
INFO:root:File moved successfully into Error_Files folder
INFO:root:Date asked for January
INFO:root:Date of Data extracted correctly
INFO:root:Data for January: 
 {'Calls Offered': 16915, 'Abandon after 30s': '2.32%', 'FCR': '86.50%', 'DSAT': '14.20%', 'CSAT': '78.30%'}
INFO:root:Date of Data extracted correctly
INFO:root:In Net Promoters Score: 
	Promoters: good 
	Passives: bad 
	Dectractors: bad
INFO:root:File loaded successfully
INFO:root:Date asked for March
INFO:root:Date of Data extracted correctly
INFO:root:Data for March: 
 {'Calls Offered': 22343, 'Abandon after 30s': '3.05%', 'FCR': '86.00%', 'DSAT': '18.00%', 'CSAT': '74.40%'}
INFO:root:Date of Data extracted correctly
INFO:root:No Column found matching the date/field information
INFO:root:In Net Promoters Score: 
	Promoters: good 
	Passives: bad 
	Dectractors: bad
INFO:root:File being moved to Error folder Copyexpedia_report_monthly_march_2018.xlsx
INFO:root:File moved successfully into Error_Files folder
INFO:root:File loaded successfully
INFO:root:File loaded successfully
INFO:root:File loaded successfully
INFO:root:Date asked for April
INFO:root:Date of Data extracted correctly
INFO:root:No row found matching the date/field information
INFO:root:Fields not found, file moved to error_files folder
INFO:root:File being moved to Error folder expedia_report_monthly_april_2018.xlsx
INFO:root:File moved successfully into Error_Files folder
INFO:root:Date asked for January
INFO:root:Date of Data extracted correctly
INFO:root:Data for January: 
 {'Calls Offered': 16915, 'Abandon after 30s': '2.32%', 'FCR': '86.50%', 'DSAT': '14.20%', 'CSAT': '78.30%'}
INFO:root:Date of Data extracted correctly
INFO:root:In Net Promoters Score: 
	Promoters: good 
	Passives: bad 
	Dectractors: bad
INFO:root:Date asked for March
INFO:root:Date of Data extracted correctly
INFO:root:Data for March: 
 {'Calls Offered': 22343, 'Abandon after 30s': '3.05%', 'FCR': '86.00%', 'DSAT': '18.00%', 'CSAT': '74.40%'}
INFO:root:Date of Data extracted correctly
INFO:root:No Column found matching the date/field information
INFO:root:In Net Promoters Score: 
	Promoters: good 
	Passives: bad 
	Dectractors: bad
INFO:root:File being moved to Error folder Copyexpedia_report_monthly_march_2018.xlsx
INFO:root:File moved successfully into Error_Files folder
INFO:root:File loaded successfully
INFO:root:File loaded successfully
INFO:root:File loaded successfully
INFO:root:File loaded successfully
INFO:root:File loaded successfully
INFO:root:File loaded successfully
INFO:root:Date asked for April
INFO:root:Date of Data extracted correctly
INFO:root:No row found matching the date/field information
INFO:root:Fields not found, file moved to error_files folder
INFO:root:File being moved to Error folder expedia_report_monthly_april_2018.xlsx
INFO:root:File moved successfully into Error_Files folder
INFO:root:Date asked for January
INFO:root:Date of Data extracted correctly
INFO:root:Data for January: 
 {'Calls Offered': 16915, 'Abandon after 30s': '2.32%', 'FCR': '86.50%', 'DSAT': '14.20%', 'CSAT': '78.30%'}
INFO:root:Date of Data extracted correctly
INFO:root:In Net Promoters Score: 
	Promoters: good 
	Passives: bad 
	Dectractors: bad
INFO:root:Date asked for March
INFO:root:Date of Data extracted correctly
INFO:root:Data for March: 
 {'Calls Offered': 22343, 'Abandon after 30s': '3.05%', 'FCR': '86.00%', 'DSAT': '18.00%', 'CSAT': '74.40%'}
INFO:root:Date of Data extracted correctly
INFO:root:No Column found matching the date/field information
INFO:root:In Net Promoters Score: 
	Promoters: good 
	Passives: bad 
	Dectractors: bad
INFO:root:File being moved to Error folder Copyexpedia_report_monthly_march_2018.xlsx
INFO:root:File moved successfully into Error_Files folder
INFO:root:File loaded successfully
INFO:root:File loaded successfully
INFO:root:File loaded successfully
INFO:root:Date asked for April
INFO:root:Date of Data extracted correctly
INFO:root:No row found matching the date/field information
INFO:root:Fields not found, file moved to error_files folder
INFO:root:File being moved to Error folder expedia_report_monthly_april_2018.xlsx
INFO:root:File moved successfully into Error_Files folder
INFO:root:Date asked for January
INFO:root:Date of Data extracted correctly
INFO:root:Data for January: 
 {'Calls Offered': 16915, 'Abandon after 30s': '2.32%', 'FCR': '86.50%', 'DSAT': '14.20%', 'CSAT': '78.30%'}
INFO:root:Date of Data extracted correctly
INFO:root:In Net Promoters Score: 
	Promoters: good 
	Passives: bad 
	Dectractors: bad
INFO:root:Date asked for March
INFO:root:Date of Data extracted correctly
INFO:root:Data for March: 
 {'Calls Offered': 22343, 'Abandon after 30s': '3.05%', 'FCR': '86.00%', 'DSAT': '18.00%', 'CSAT': '74.40%'}
INFO:root:Date of Data extracted correctly
INFO:root:No Column found matching the date/field information
INFO:root:In Net Promoters Score: 
	Promoters: good 
	Passives: bad 
	Dectractors: bad
INFO:root:File being moved to Error folder Copyexpedia_report_monthly_march_2018.xlsx
INFO:root:File moved successfully into Error_Files folder
INFO:root:File loaded successfully
INFO:root:File loaded successfully
INFO:root:File loaded successfully
INFO:root:Date asked for April
INFO:root:Date of Data extracted correctly
INFO:root:No row found matching the date/field information
INFO:root:Fields not found, file moved to error_files folder
INFO:root:File being moved to Error folder expedia_report_monthly_april_2018.xlsx
INFO:root:File moved successfully into Error_Files folder
INFO:root:Date asked for January
INFO:root:Date of Data extracted correctly
INFO:root:Data for January: 
 {'Calls Offered': 16915, 'Abandon after 30s': '2.32%', 'FCR': '86.50%', 'DSAT': '14.20%', 'CSAT': '78.30%'}
INFO:root:Date of Data extracted correctly
INFO:root:In Net Promoters Score: 
	Promoters: good 
	Passives: bad 
	Dectractors: bad
INFO:root:Date asked for March
INFO:root:Date of Data extracted correctly
INFO:root:Data for March: 
 {'Calls Offered': 22343, 'Abandon after 30s': '3.05%', 'FCR': '86.00%', 'DSAT': '18.00%', 'CSAT': '74.40%'}
INFO:root:Date of Data extracted correctly
INFO:root:No Column found matching the date/field information
INFO:root:In Net Promoters Score: 
	Promoters: good 
	Passives: bad 
	Dectractors: bad
